8.48090363
8.45937634
8.42510605
8.40673161
8.35613060
8.30123329
8.18988895
8.04098606
