205.79443359
203.42153931
112.68572235
289.76901245
149.62661743
257.20617676
178.25546265
241.22378540
