4821.80517578
4719.09570312
4560.10205078
4477.03125000
4256.11279297
4028.61523438
3604.00585938
3105.27124023
