[valid] Ep. 1 : Up. 10 : cross-entropy : 250.506 : new best
[valid] Ep. 1 : Up. 10 : translation : 8 : new best
[valid] Ep. 1 : Up. 20 : cross-entropy : 250.501 : new best
[valid] Ep. 1 : Up. 20 : translation : 8 : stalled 1 times (last best: 8)
[valid] Ep. 1 : Up. 30 : cross-entropy : 250.497 : new best
[valid] Ep. 1 : Up. 30 : translation : 8 : stalled 2 times (last best: 8)
[valid] Ep. 1 : Up. 40 : cross-entropy : 250.491 : new best
[valid] Ep. 1 : Up. 40 : translation : 9 : new best
[valid] Ep. 1 : Up. 50 : cross-entropy : 250.486 : new best
[valid] Ep. 1 : Up. 50 : translation : 7 : stalled 1 times (last best: 9)
[valid] Ep. 1 : Up. 60 : cross-entropy : 250.481 : new best
[valid] Ep. 1 : Up. 60 : translation : 3 : stalled 2 times (last best: 9)
[valid] Ep. 1 : Up. 70 : cross-entropy : 250.476 : new best
[valid] Ep. 1 : Up. 70 : translation : 6 : stalled 3 times (last best: 9)
[valid] Ep. 1 : Up. 80 : cross-entropy : 250.471 : new best
[valid] Ep. 1 : Up. 80 : translation : 0 : stalled 4 times (last best: 9)
[valid] Ep. 1 : Up. 90 : cross-entropy : 250.465 : new best
[valid] Ep. 1 : Up. 90 : translation : 9 : stalled 5 times (last best: 9)
[valid] Ep. 1 : Up. 100 : cross-entropy : 250.461 : new best
[valid] Ep. 1 : Up. 100 : translation : 6 : stalled 6 times (last best: 9)
