489.13665771
462.08361816
439.01745605
420.90402222
404.19827271
