490.30654907
466.26824951
442.79544067
426.92376709
411.47766113
