Indien und Japan Ministerpräsidenten treffen sich in Tokio
Indiens neuer Premierminister Nar@@ endra Modi trifft sein jap@@ anisches Pendant , Shin@@ zo Abe , in Tokio , um über wirtschaftliche und Sicherheits@@ beziehungen zu diskutieren , auf seinem ersten wichtigen Auslands@@ besuch seit der Wahl im Mai .
Herr Modi ist auf einer fünft@@ ä@@ gigen Reise nach Japan , um die wirtschaftlichen Beziehungen zur dritt@@ größten Volkswirtschaft der Welt zu stärken .
auf der Tagesordnung stehen die Pläne für eine verstärkte nukleare Zusammenarbeit .
auch Indien hofft angeblich auf eine Einigung zur Verteidigungs@@ kooperation beider Nationen .
Kar@@ ra@@ tha Polizei nimmt 20-@@ Jährige nach Hochgeschwindigkeits@@ motor@@ en@@ jagd fest
ein Motorrad ist beschlagnahmt worden , nachdem es 12@@ 5km / h in einer 70@@ km / h-@@ Zone und durch Busch@@ land zur Flucht der Polizei in der Pil@@ bara ger@@ ut@@ scht war .
die Verkehrs@@ polizei auf Pat@@ rou@@ ille in Kar@@ ra@@ tha an diesem Vormittag versuchte , über ein blau@@ es Motorrad zu ziehen , als sie sie entdeckten , sie erreichte 12@@ ,5 / h , wie sie aus einer Tankstelle an der Bath@@ tor@@ straße aus@@ zog .
die Polizei meldet den Reiter dann nicht an und fuhr weiter bis zur Bur@@ ges@@ e-@@ Straße , bevor er in Busch@@ land fuhr , wodurch die Beamten aus den Augen verloren haben .
das Motorrad und ein Mensch Treffer der Beschreibung des Rei@@ ters wurde dann in einem Haus auf Wal@@ cott Way in Bulgar@@ ra ges@@ ichtet .
