236.62251282
256.09661865
241.58700562
236.70104980
224.99372864
204.95254517
235.38345337
205.25239563
215.87429810
202.22142029
