244.42282104
256.56842041
238.89138794
233.57333374
223.44998169
204.23277283
232.98970032
204.28886414
215.29394531
201.92327881
