Ep. 1 : Up. 20 : Sen. 1,280 : Cost 241.64421082
Ep. 1 : Up. 40 : Sen. 2,560 : Cost 234.09941101
Ep. 1 : Up. 60 : Sen. 3,840 : Cost 234.62942505
Ep. 1 : Up. 80 : Sen. 5,120 : Cost 222.46903992
Ep. 1 : Up. 100 : Sen. 6,400 : Cost 205.35173035
Ep. 1 : Up. 120 : Sen. 7,680 : Cost 209.94436646
Ep. 1 : Up. 140 : Sen. 8,960 : Cost 198.47026062
Ep. 1 : Up. 160 : Sen. 10,240 : Cost 187.63980103
Ep. 1 : Up. 180 : Sen. 11,520 : Cost 183.61985779
Ep. 1 : Up. 200 : Sen. 12,800 : Cost 185.31411743
Ep. 1 : Up. 220 : Sen. 14,080 : Cost 191.44917297
Ep. 1 : Up. 240 : Sen. 15,360 : Cost 183.22087097
Ep. 1 : Up. 260 : Sen. 16,640 : Cost 183.28189087
Ep. 1 : Up. 280 : Sen. 17,920 : Cost 176.65219116
Ep. 1 : Up. 300 : Sen. 19,200 : Cost 167.07302856
Ep. 1 : Up. 320 : Sen. 20,480 : Cost 176.93701172
Ep. 1 : Up. 340 : Sen. 21,760 : Cost 175.71195984
Ep. 1 : Up. 360 : Sen. 23,040 : Cost 177.32435608
Ep. 1 : Up. 380 : Sen. 24,320 : Cost 175.38401794
Ep. 1 : Up. 400 : Sen. 25,600 : Cost 174.90682983
