236.64883423
197.38874817
198.74374390
183.10137939
