405.95352173
277.85601807
198.49377441
135.86233521
74.85224152
