410.02645874
306.52648926
233.58132935
167.19117737
91.86805725
