-114.927658
-208.074463
-102.252083
-244.505508
-677.256836
-154.783279
-411.580017
-58.307816
-89.968994
-111.055710
