6924.51171875
5225.91162109
4136.33691406
3092.30273438
2086.31420898
5388.93750000
5653.18310547
4460.88183594
3398.95581055
2398.78735352
