474.05703735
495.60043335
504.07754517
498.34414673
493.95330811
474.32269287
517.29327393
493.80380249
465.55847168
521.18237305
