Ep. 1 : Up. 5 : Sen. 320 : Cost 856.40283203
Ep. 1 : Up. 10 : Sen. 640 : Cost 705.00976562
Ep. 1 : Up. 15 : Sen. 960 : Cost 604.22814941
Ep. 1 : Up. 20 : Sen. 1,280 : Cost 518.43249512
Ep. 1 : Up. 25 : Sen. 1,600 : Cost 442.49536133
Ep. 1 : Up. 30 : Sen. 1,920 : Cost 367.35723877
Ep. 1 : Up. 35 : Sen. 2,240 : Cost 301.55618286
Ep. 1 : Up. 40 : Sen. 2,560 : Cost 230.20394897
Ep. 2 : Up. 45 : Sen. 64 : Cost 340.81048584
Ep. 2 : Up. 50 : Sen. 384 : Cost 818.84265137
Ep. 2 : Up. 55 : Sen. 704 : Cost 681.78875732
Ep. 2 : Up. 60 : Sen. 1,024 : Cost 587.13653564
Ep. 2 : Up. 65 : Sen. 1,344 : Cost 501.12982178
Ep. 2 : Up. 70 : Sen. 1,664 : Cost 427.36920166
Ep. 2 : Up. 75 : Sen. 1,984 : Cost 354.46206665
Ep. 2 : Up. 80 : Sen. 2,304 : Cost 287.68417358
Ep. 2 : Up. 85 : Sen. 2,624 : Cost 212.97563171
