493.42471313
355.55953979
272.83404541
199.24537659
131.18077087
386.23254395
388.55151367
296.93032837
220.35517883
152.07803345
