Ep. 1 : Up. 5 : Sen. 320 : Cost 846.69714355 :
Ep. 1 : Up. 10 : Sen. 640 : Cost 695.30053711 :
Ep. 1 : Up. 15 : Sen. 960 : Cost 594.51928711 :
Ep. 1 : Up. 20 : Sen. 1,280 : Cost 508.72247314 :
Ep. 1 : Up. 25 : Sen. 1,600 : Cost 432.78329468 :
Ep. 1 : Up. 30 : Sen. 1,920 : Cost 357.64947510 :
Ep. 1 : Up. 35 : Sen. 2,240 : Cost 291.84161377 :
Ep. 1 : Up. 40 : Sen. 2,560 : Cost 220.49028015 :
Ep. 2 : Up. 45 : Sen. 64 : Cost 331.08535767 :
Ep. 2 : Up. 50 : Sen. 384 : Cost 809.13928223 :
Ep. 2 : Up. 55 : Sen. 704 : Cost 672.08361816 :
Ep. 2 : Up. 60 : Sen. 1,024 : Cost 577.43341064 :
Ep. 2 : Up. 65 : Sen. 1,344 : Cost 491.42279053 :
Ep. 2 : Up. 70 : Sen. 1,664 : Cost 417.66470337 :
Ep. 2 : Up. 75 : Sen. 1,984 : Cost 344.76025391 :
Ep. 2 : Up. 80 : Sen. 2,304 : Cost 277.97634888 :
Ep. 2 : Up. 85 : Sen. 2,624 : Cost 203.26664734 :
