382.23056030
264.14666748
193.33871460
133.58370972
71.43719482
