[valid] Ep. 1 : Up. 60 : cross-entropy : 240.376 : new best
[valid] Ep. 1 : Up. 120 : cross-entropy : 240.348 : new best
[valid] Ep. 1 : Up. 150 : cross-entropy : 240.332 : new best
