Ep. 1 : Up. 4 : Sen. 128 : Cost 257.99652100
Ep. 1 : Up. 8 : Sen. 256 : Cost 267.93783569
Ep. 1 : Up. 12 : Sen. 384 : Cost 243.39039612
Ep. 1 : Up. 16 : Sen. 512 : Cost 235.87208557
Ep. 1 : Up. 20 : Sen. 640 : Cost 204.79017639
Ep. 1 : Up. 24 : Sen. 768 : Cost 240.11624146
Ep. 1 : Up. 28 : Sen. 896 : Cost 208.47099304
Ep. 1 : Up. 32 : Sen. 1,024 : Cost 199.36221313
Ep. 2 : Up. 36 : Sen. 128 : Cost 213.58728027
Ep. 2 : Up. 40 : Sen. 256 : Cost 220.51084900
Ep. 2 : Up. 44 : Sen. 384 : Cost 199.10847473
Ep. 2 : Up. 48 : Sen. 512 : Cost 194.56945801
Ep. 2 : Up. 52 : Sen. 640 : Cost 171.77461243
Ep. 2 : Up. 56 : Sen. 768 : Cost 208.75405884
Ep. 2 : Up. 60 : Sen. 896 : Cost 186.17434692
Ep. 2 : Up. 64 : Sen. 1,024 : Cost 179.63316345
