Nein .
wir sind ein Team .
der Bürgermeister ist der Koordinator eines Orchest@@ ers .
Z@@ DI : werden Sie versuchen , Geschäftsleute aus der IT @-@ Branche in die Partei zu locken , um die Organisation finanziell zu unterstützen ?
Andrej Post@@ ol@@ ache : wir suchen Menschen , die etwas Gutes tun wollen , einen makel@@ losen Ruf haben , Integrität und Ehre haben .
von daher haben wir keine anderen Filter .
wir suchen nicht drei Männer mit Geld , wir suchen 10.000 Männer , oder , warum nicht , 300.000 Männer , die sich engagieren wollen und etwas für die Stadt tun .
Interview von Alex Andrei
seit fast 15 Jahren arbeitet Andrej Post@@ ol@@ ache in der IT @-@ Branche .
im Juli 2015 gründete er Intro@@ Specials .
er verbrachte weitere vier Jahre ( 2003 - 2007 ) bei Syn@@ y@@ gy .
das Unternehmen , das er zusammen mit einem anderen IT @-@ Spezialisten gegründet hat , bietet Management@@ beratung an .
das Trac@@ tor &quot; Abwra@@ ck@@ age &quot; -Programm , ein Scheitern
der Geschäftsführer des SC IR@@ UM SA Re@@ gh@@ in , Mir@@ ce@@ a OL@@ T@@ EAN , sagte , dass das Programm zur Anregung der Erneuerung des Nationalparks von Traktoren und landwirtschaftlichen Maschinen , die 2011 initiiert , auch das Tra@@ ktor@@ en@@ ru@@ pp@@ age Programm , war ein Versagen aufgrund der Bürokratie .
bezüglich des Abwra@@ ck@@ programms gab es in den vergangenen Jahren einige Versuche , die sich aber als gescheitert erwiesen , weil die Dokumentation für einen gewöhnlichen Landwirt sehr aufwändig und kompliziert war und die Genehmigungen zu lange gedauert haben , so dass die Leute nach@@ gaben .
über dieses Programm wurden etwa 10 Stück verkauft .
&quot; der Bedarf an Traktoren für die rumänische Landwirtschaft wären 300.000 Stück &quot; , sagte Mir@@ ce@@ a OL@@ T@@ EAN .
nach ihm ist IR@@ UM Re@@ gh@@ in das einzige Unternehmen , das jährlich mehrere hundert Traktoren produziert , wobei das größte Unternehmen dieser Art in Rumänien , und dass mehr Wettbewerb von ausländischen Unternehmen ausgeübt wird , die den rumänischen Markt braucht .
es ist ein riesiger Wettbewerb mit denen , die aus dem Ausland kommen , alle globalen Hersteller haben sich auf Rumänien eingestellt , ich weiß , was ich sage , und sie haben spezielle Strategien .
&quot; bei allen Messen gibt es Riesen@@ kri@@ mis , alle Hersteller kommen mit allerlei Variationen &quot; sagte Mir@@ ce@@ a OL@@ T@@ EAN , der sagte , dass IR@@ UM Re@@ gh@@ in rund 500 landwirtschaftliche Zugmaschinen und forst@@ wirtschaftliche Zugmaschinen pro Jahr herstellt .
durch das im Jahr 2011 initiierte Trac@@ tor @-@ Abwra@@ ck@@ programm konnten diejenigen , die alte Traktoren oder andere selbst@@ fahr@@ ende Verkehrsmittel wie etwa Har@@ vest@@ ers besitzen , diese übergeben und im Gegenzug einen Gutschein für 17@@ .000 Le@@ i entgegennehmen .
die rote Fahne ist gestiegen
der interne Wahlgang der Labour @-@ Partei sieht spektakulär und politisch bedeutsam aus , zumal der neu gewählte Regierungschef bei der kommenden Wahl automatisch Vorreiter ist .
dann heben Sie das Nar@@ ren@@ standard hoch / Bene@@ ath seine Falten werden wir leben und sterben
darauf sang gestern Jeremy Cor@@ by@@ n im Londoner Pub Sanc@@ tu@@ ary House .
Sie hat viele eine Tat miterlebt und vo@@ tieren lassen / Wir dürfen ihre Farbe jetzt nicht ändern
Leser , die nicht mit der Melodie dieser in@@ offiziellen britischen und internationalen linken Hymne ( The Red Flag ) vertraut sind , können das Internet suchen , das sie überraschen könnten .
mit Kopf aufgedeckt schw@@ ören wir alle / Um es weiter , bis wir fallen
der Autor dieser Zeilen ist kein Fan von roten Fahnen ( oder von F@@ laun@@ en@@ f@@ ahnen ) , sondern respektiert die demokratischen politischen Traditionen , die um sie herum aufgebaut sind .
wenn Jeremy Cor@@ by@@ n gestern in der Lage sein wird , mit morgen links zu stehen , wird diese Liebes@@ geschichte zwischen ihm und der Basis der Labour @-@ Partei ein glück@@ liches Ende haben .
ich glaube nicht , dass es dazu kommen würde , aber es scheint verfrüht , über die große und unvermeidliche Wahl@@ nieder@@ lage von fünf Jahren von heute zu sprechen , von einem Führer , der gestern gewählt wurde .
jetzt können wir jedoch auf die Verfahren verweisen : wir haben eine demokratische Übung im beeindruckenden Ausmaß erlebt .
das Direkt@@ wahl@@ system wurde von der Labour @-@ Partei unter den westlichen Linken nicht erfunden .
französische Sozialisten üben seit einigen Jahren ein komplizier@@ teres System aus , das es allen Mitgliedern und Unterstütz@@ ern ermöglicht , sich zu äußern .
der interne Wahlgang der Labour @-@ Partei wirkt jedoch spektakulär und politisch bedeutsam , zumal der neu gewählte Regierungschef bei der kommenden Wahl automatisch Vorreiter ist .
dies ist natürlich auch eine politische System@@ frage , die Person@@ alisierung der Macht ist im Vereinigten Königreich ausgeprä@@ gter als auf der anderen Seite des Ärmel@@ kanals .
zudem war die Wahlbeteiligung in allen drei &quot; Kreisen &quot; hoch : die eigentlichen Mitglieder , Gewerkschafts@@ mitglieder und andere Organisationen , die der Partei angeschlossen sind , und schließlich die Gruppe der Sympath@@ is@@ anten ( die nach einem kurzen Registrierungs@@ verfahren den Stimm@@ zettel erhalten haben ) .
letztere Gruppe gibt uns interessante Informationen über die Wahrnehmung der linken Segmente der britischen Gesellschaft , insbesondere die aus jungen oder mittleren gebildeten Personen , die an dem politischen Phänomen interessiert sind .
viele werden sich entscheiden , aufgrund des Sie@@ ges von Cor@@ by@@ n weiter an der Zukunft beteiligt zu sein .
soweit ich weiß , gibt es keine sozi@@ ologischen Erhebungen , die uns viel über die Einstellungen des &quot; äußeren Kreises &quot; der Labour @-@ Partei erzählen , weshalb vorsichtige Spekulationen zugelassen sind .
ich denke , wir können genügend Einstellungen finden , ähnlich denen von Po@@ demos ( Spanien ) oder sogar SY@@ RI@@ ZA ( Griechenland ) -@@ Anhängern , und stellen fest , dass sie die traditionellen Kanäle der Linken durchlaufen werden .
wenn wir wirklich eine &quot; Anti@@ system@@ atik &quot; benennen wollen , wird sie in erster Linie durch die Ablehnung der zent@@ ris@@ tischen Linie , New Labour ( für viele , eine verschlei@@ erte Form des viel miss@@ brauchten That@@ cher@@ ismus ) reflektiert .
die zweite Komponente wäre die Ablehnung von Führern , die den beiden aufeinanderfolgenden Wahl@@ fällen als schuldig gelten , einer der Argumente dafür , dass sie nicht links genug waren und sich nicht eindeutig von der Tony Blair @-@ Ära unterscheiden .
der zweite Referenz@@ rahmen - meiner Meinung nach , der sugges@@ tiv ist - wird durch das jüngste Referendum für die Unabhängigkeit Schottlands angeboten .
auf der anderen Seite sehen wir , dass schottische Nationalisten die Energie der Publikums@@ segmente , die für den sozialen Status günstig sind und durch das Streben nach Fairness im Ausland motiviert sind , aber auch für die neuen Ängste der Linken : Ökologie , Geschlecht , Unterstützung der armen Länder .
so hat die schottische Labour @-@ Partei eine Wählerschaft verloren , die privilegierten Zugang haben sollte , zumindest im Prinzip , aber sie können jetzt gebor@@ gen werden ( siehe ihre Begeisterung im Wahlkampf Cor@@ by@@ n ) .
diese Energie findet sich überall im Vereinigten Königreich , aber die alte Führung konnte sie nicht anziehen .
mit der Berufung eines Außens@@ ei@@ ters hat Jeremy Cor@@ by@@ n mehr Erfolg@@ schancen als Ed Mili@@ band , die Labour @-@ Partei &quot; Arist@@ ok@@ rat &quot; .
ich glaube , der Vergleich mit Schottland sagt mehr als jenes mit dem Anti@@ system in der südlichen Peripherie Europas .
der Begriff &quot; Anti@@ system &quot; ist zu hart : &quot; Anti @-@ Establishment &quot; erscheint angemessener .
bis nächste Woche hätten wir mehr über die ersten Schritte von Jeremy Cor@@ by@@ n als Oppositionsführer erfahren .
wir werden sehen , ob die rote Fahne im Unterhaus Anklang findet ( es wäre nicht das erste Mal ) , nachdem der neue Führer in der ersten Reihe der Opposition rangi@@ eren wird .
was Jeremy Cor@@ by@@ n aber gerade von seinen Kollegen im Parlament gerade will , ist vor allem Einigkeit - und insofern hat er wirklich einen Grund , sich Sorgen zu machen .
die Manipul@@ ations@@ falle mit oder ohne bewusstes Wissen
während ich den Artikel schrieb , kam es zu mir , das Internet für die Geschichte des Ex @-@ militan@@ ten und &quot; syrischen Reb@@ ellen@@ kommand@@ anten La@@ ith Al @-@ Saleh &quot; zu überprüfen , der im zweiten Teil des Artikels , der ihm von V. Marin gewidmet wurde , &quot; Dschi@@ hadi@@ sten La@@ ith Al @-@ Saleh &quot; ( die beiden Kateg@@ ori@@ sierungen - &quot; Reb@@ ell &quot; und &quot; Dschi@@ ha@@ dist &quot; - hätte mich von Anfang an vorsichtig machen können .
ich habe nicht überprüft .
in der letzten Woche ( Europa , zwischen Flüchtlingen und &quot; Flüchtlinge &quot; ) habe ich diese beiden Bilder parallel kommentiert - einer , der wenig Ay@@ lan Kur@@ di , der tot an den Ufern des Mittelmeers und ein , eigentlich zwei : den syrischen La@@ ith Al @-@ Saleh eins als Kämpfer , der andere als Flüchtling , darstellt .
ich übernahm die Geschichte von La@@ ith Al @-@ Saleh von den &quot; syrischen Kämpf@@ ern gemischt unter den Flüchtlingen &quot; Artikel ( von Vi@@ or@@ ica Marin , veröffentlicht in der Ade@@ var@@ ul Ausgabe vom 3. September ) .
am Montag Abend habe ich einen Link zu meinem Artikel auf meiner Facebook @-@ Seite gepo@@ stet .
am Dienstag , nachdem ich mich auf meinem Facebook @-@ Account eingeloggt habe , fand ich unter anderem einen sch@@ rägen Kommentar von meinem Freund ( auch im echten Leben ) Cristian : &quot; ich abon@@ niere und habe nur eine Bemerkung : La@@ ith al Saleh ist kein Dschi@@ ha@@ dist &quot; .
im Gegenteil : er kämpft gegen Al Assad , für Demokratie ... und so weiter .
&quot; so hätten Sie auch die groben Manipulation vom Bild &quot; !
ich muss gestehen , es sau@@ gt .
je mehr so , während ich den Artikel schrieb es mir passiert , um das Internet für die Geschichte des Ex @-@ militan@@ ten und &quot; syrischen Reb@@ ellen@@ kommand@@ anten La@@ ith Al @-@ Saleh &quot; , die &quot; Dschi@@ hadi@@ sten La@@ ith Al @-@ Saleh &quot; im zweiten Teil des Artikels , der ihm von V. Marin ( die beiden Kateg@@ ori@@ sierungen - &quot; Reb@@ ell &quot; und &quot; Dschi@@ ha@@ dist &quot; - hätte mich von Anfang an vorsichtig machen können .
das geschah , weil ich Ade@@ var@@ ul und seinen Journalisten vertraute .
noch hatte ich nichts zu kommentieren zur S@@ col@@ ding von Mari@@ us Cristian anderes als : &quot; das bekomme ich für vertrauens@@ voll ( Vertrauen ) Ade@@ var@@ ul &quot;
danach habe ich natürlich begonnen , die Geschichte genau zu studieren , und ich fühle mich den Lesern schuldig , weil sie eine gerechte Darstellung der Geschichte des syrischen La@@ ith Al @-@ Saleh waren .
die ältesten Informationen , die ich finden konnte , war eine Geschichte der Associ@@ ated Press ( der syrische Reb@@ ellen@@ führer sucht Europa ) , unterzeichnet von Nicholas B@@ ap@@ hi@@ tis und Dal@@ ton Ben@@ nett vom 17. August 2015 über einen Mann auf der Insel Kos in Griechenland , wo er unter Hunderten , vielleicht Tausenden Flüchtlingen , versucht , Ordnung in das Chaos der Masse zu bringen .
der Mann war der syrische La@@ ith Al Saleh aus Ale@@ p , er &quot; ist es gewohnt , im Griff zu sein &quot; , da er &quot; im Bürgerkrieg in Syrien eine Einheit von 700 Rebellen geführt hat &quot; .
ich habe auch erfahren , dass Al Saleh im Alter von 30 Jahren &quot; ein Haus , eine Frau und ein normales Leben vor Beginn der Kämpfe &quot; hatte .
im Interview mit den Associ@@ ated Press @-@ Korrespon@@ denten sagt Al Saleh : &quot; jeder will Syrien verlassen &quot; .
meine Stadt ist die gefähr@@ lichste Stadt der Welt .
etwa 70 % der Stadt liegen in Sch@@ utt und Asche .
in Syrien werde ich von Al @-@ Kaida , Da@@ esh ( einer extremistischen Gruppe des Islamischen Staates ) , der Regierung - ich habe gegen sie alle gekämpft .
über die Tatsache hinaus , dass er aus einem Supermarkt auf der Insel ausge@@ treten ist , scheint Kos ihm &quot; eine noch fin@@ stere Begegnung - ein Mann , in dem er einen syrischen Feind erkannte &quot; : &quot; vor zwei Tagen sah ich einen Scharf@@ schützen von den Regierung@@ struppen &quot; .
ich habe nicht mit ihm gesprochen , aber ich bin immer noch sehr verärgert .
der Artikel erzählt uns auch , dass La@@ ith ( gemeint ist Lö@@ we auf Arabisch ) tatsächlich auf dem Weg nach Holland war , zu einem seiner Cou@@ sins - einem ehemaligen hochrangigen Offizier in der syrischen Armee , der ebenfalls Reb@@ ell geworden ist und schließlich seine Familie - fast so alt wie der Bürgerkrieg in Syrien , der im März 2011 aus@@ brach ) .
sobald er das schafft , können wir nicht ausschließen , dass La@@ ith Al @-@ Saleh nach Syrien zurückkehren wird , um weiter für die syrische Freie Armee ( unterstützt vom Westen ) zu kämpfen : die Armee von Präsident Ba@@ sch@@ ar Assad ( unterstützt von Russland ) , der Islamische Staat und die N@@ us@@ ra Front , eine Al @-@ Qaida @-@ Tochter .
es ist verrückt - wer Freiheit in Syrien will , muss gegen drei Feinde kämpfen , nicht einen !
ich kam auch über einen serbischen Artikel vom 22. August , von denen ich nicht viel verstehen , nur dass La@@ ith Saleh mit Terroristen in Verbindung gebracht wird , die unter den Migranten gemischt sind : &quot; TER@@ OR@@ IS@@ TI SE K@@ RI@@ JU me@@ đ@@ u MIG@@ R@@ ANT@@ IMA &quot; ist der Titel eines Nachrichten@@ artik@@ els von http : / / www.@@ tele@@ gra@@ f.@@ at@@ .
am 7. September machte Mike Wend@@ ling auf der Internetseite der BBC auf den Fall von Manipulationen aufmerksam , in dem Bilder des syrischen Kämpf@@ ers verwendet werden : dieses vir@@ ale Foto behauptet fälschlicherweise , einen IS @-@ Kämpfer darzustellen , der als Flüchtling posi@@ ert .
wir finden heraus , dass das Bild ( eigentlich : Bilder - derjenige , in dem La@@ ith einen Bart und eine Waffe und der mit dem TH@@ AN@@ K YOU Shirt ) von einem Benutzer auf Facebook veröffentlicht wurde .
aber bevor dies geschah , just aus seiner Facebook @-@ Wand wurde das Bild , das die beiden Bilder über 70.000 Mal geteilt wurde , um Tausende Kommentare .
so lautet der Spruch : zu spät , da kann man nichts dagegen tun .
in Rumänien , am 9. September , holt Carla Din@@ u von Hot@@ news die Manipul@@ ations@@ geschichte von BBC , obwohl der Titel irrtüm@@ lich übersetzt : &quot; ein falsches Foto , das vi@@ ral geworden ist , zeigt einen ISIS @-@ Kämpfer , der als Flüchtling posi@@ ert &quot; .
offensichtlich ist das Bild kein Fa@@ ke , aber die Interpretation war falsch , falsch , kurz : manipul@@ ativ .
Camp@@ ion la 21 ani
die Meister@@ in der I@@ asi Rallye , Simone Temp@@ est@@ ini sicherte sich den nationalen Rallye @-@ Titel , wurde die jüngste Gewinner@@ in der Meister@@ geschichte
die Cot@@ nar@@ i I@@ asi Rallye 2015 endete mit einem fabel@@ haften Ergebnis für Jung@@ pi@@ lo@@ tin Simone Temp@@ est@@ ini , eine Itali@@ ener@@ in mit rumän@@ ischer Staatsbürgerschaft , die mit 21 hat alle neun Rennen der schwierigsten Phasen der National Rallye Meisterschaft gewonnen .
Leiterin im Wettbewerb bisher , Simone wurde die Landes@@ meister@@ in ein Rennen vor dem Finale , die einen Ford Fiesta R@@ 5 neben Mit@@ fahrer Dor@@ in Pul@@ sen@@ a .
Temp@@ est@@ ini wurde der jüngste rumänische Rallye @-@ Champion .
in den sieben Phasen der Dun@@ lo@@ p National Rallye Meisterschaft gewann Simone 47 Spezial@@ rennen und seine Leistung in I@@ asi schaffte es , die vorherige von der Rallye Ara@@ d zu gleichen .
das ungarische Team von Ger@@ g@@ ö Sz@@ abo - Kar@@ ol@@ y Bor@@ b@@ ely besetzte die dritte Position des Mitsubishi Lan@@ cer Evo Ix@@ o .
in der Klasse III wurde der Sieger Edwin Kel@@ eti , gefolgt von Manuel Mi@@ hal@@ ache und Dan G@@ â@@ r@@ to@@ fan und der Kategorie Zwei@@ rad von Adrian R@@ ă@@ s@@ pop@@ a gewonnen .
weitere Gewinner waren Adrian Dra@@ gan ( D@@ acia Cup ) und Vla@@ d Co@@ sma ( Suzuki @-@ Cup ) .
die Besatzung von I@@ am@@ andi - R@@ ă@@ z@@ van Sub@@ ț@@ i@@ rel@@ u hat während des achten Rennens das Rennen aufgegeben .
wir sind in dieser Zeit durch die ganze Bandbreite der Emotionen gegangen .
&quot; die positive Reaktion der Piloten und Föderation @-@ Funktionäre macht mir Hoffnung , dass wir dieses Jahr wieder Meister werden &quot; , sagte Rallye @-@ Manager Dan Co@@ dre@@ anu .
die Cot@@ nar@@ i I@@ asi Rallye wurde organisiert von X@@ S Motorsport ( Manager , Dan Co@@ dre@@ anu ) in Partnerschaft mit Cot@@ nar@@ i , I@@ asi Rathaus , Hotel International , Hotel International , Ford I@@ asi - ATI Motors Holding , die Inspektion für Notfall@@ situationen , der Ambul@@ ance Service , das County Council und die Präfektur I@@ asi .
