22.19
2.75
6.56
0.29
47.07
15.31
4.52
0.11
24.44
2.20
28.06
6.56
