klicken und ziehen
die linke Maustaste für einen Rechtsklick gedrückt halten .
Sie können rechts@@ klicken , indem Sie die linke Maustaste gedrückt halten .
wechseln Sie &@@ lt@@ ; gu@@ i &gt; Sim@@ ulated Secondary Click &@@ lt@@ ; / gu@@ i &gt; weiter .
warum sollte ich meine E-Mail-@@ Konten oder sozialen Medien zu Ihrem Desktop hinzufügen ?
warum sollte ich ein Konto hinzufügen ?
Anwendungen entfernen , die Sie nicht mehr benötigen
prüfen Sie Ihre Sicherung
die von Ihnen verwendete Software kann in der Regel recht schnell wieder hergestellt werden .
zurück eure wichtigen Akten
was ist die &quot; Super &quot; -Taste ?
