1.26
0.01
22.19
2.75
6.56
0.29
77.35
52.49
47.07
15.31
4.52
0.11
24.44
2.20
7.48
0.13
38.95
8.38
13.98
0.36
28.06
6.56
