klicken und ziehen
die linke Maustaste für einen Rechtsklick gedrückt halten .
Sie können rechts@@ klicken , indem Sie die linke Maustaste gedrückt halten .
aktivieren Sie &@@ lt@@ ; gu@@ i &gt; .
warum sollte ich meine E-Mail-@@ Konten oder sozialen Medien zu Ihrem Desktop hinzufügen ?
warum sollte ich ein Konto hinzufügen ?
Anwendungen entfernen , die Sie nicht mehr benötigen
ihre Sicherung überprüfen
die Anwendungen , die Sie nutzen , können durch Neu@@ installation nach einem schwerwiegenden Rechner@@ problem meist schnell wiederhergestellt werden .
sichern Ihrer wichtigen Dateien
was ist die &quot; Super &quot; -Taste ?
