BLEU = 79.14, 96.0/90.9/85.7/81.8 (BP=0.895, ratio=0.900, hyp_len=99, ref_len=110)
