236.04219055
260.96929932
254.12194824
257.51263428
253.00631714
248.38674927
245.93569946
240.78047180
248.01782227
252.18527222
