Indien und Japan Ministerpräsidenten treffen sich in Tokio
Indiens neuer Premierminister Nar@@ endra Modi trifft sein jap@@ anisches Pendant , Shin@@ zo Abe , in Tokio , um über wirtschaftliche und Sicherheits@@ beziehungen zu diskutieren , auf seinem ersten wichtigen Auslands@@ besuch seit der Wahl im Mai .
Herr Modi ist auf einer fünft@@ ä@@ gigen Reise nach Japan , um die wirtschaftlichen Beziehungen zur dritt@@ größten Volkswirtschaft der Welt zu stärken .
auf der Tagesordnung stehen die Pläne für eine verstärkte nukleare Zusammenarbeit .
auch Indien hofft angeblich auf eine Einigung zur Verteidigungs@@ kooperation beider Nationen .
Kar@@ ra@@ tha Polizei nimmt 20-@@ Jährige nach Hochgeschwindigkeits@@ motor@@ en@@ jagd fest
ein Motorrad ist beschlagnahmt worden , nachdem es 12@@ 5km / h in einer 70@@ km / h-@@ Zone und durch Busch@@ land zur Flucht der Polizei in der Pil@@ bara ger@@ ut@@ scht war .
die Verkehrs@@ polizei auf Pat@@ rou@@ ille in Kar@@ ra@@ tha an diesem Vormittag versuchte , über ein blau@@ es Motorrad zu ziehen , als sie sie entdeckten , sie erreichte 12@@ ,5 / h , wie sie aus einer Tankstelle an der Bath@@ tor@@ straße aus@@ zog .
die Polizei meldet den Reiter dann nicht an und fuhr weiter bis zur Bur@@ ges@@ e-@@ Straße , bevor er in Busch@@ land fuhr , wodurch die Beamten aus den Augen verloren haben .
das Motorrad und ein Mensch Treffer der Beschreibung des Rei@@ ters wurde dann in einem Haus auf Wal@@ cott Way in Bulgar@@ ra ges@@ ichtet .
die Polizei von Kar@@ ra@@ tha hat einen 20-@@ jährigen Mann beauftragt , der es versäumt zu stoppen und leicht@@ sinnig fahren zu können .
er soll am 23. September in Kar@@ ra@@ tha Magistr@@ ats erscheinen .
das Motorrad wurde für drei Monate beschlagnahmt und im@@ matri@@ k@@ uliert .
George Web@@ ster warf N@@ air@@ n und Pit@@ loch@@ ry Hotel@@ vergewal@@ tigung vor
ein Mann soll vor Gericht stehen , der Frauen in zwei Hotels vergewaltigt hat .
George Web@@ ster , 28 , stellte sich bei einer Anhörung vor dem Ober@@ landes@@ gericht in Glasgow die Vorwürfe .
er soll am 7. Juni 2013 eine Frau im schottischen Hotel in Pit@@ loch@@ ry in Per@@ th@@ shire vergewaltigt haben .
es wird von Web@@ ster angegriffen , während sie &quot; bewusst@@ los , schlä@@ ft und unfähig ist , ihre Zustimmung zu geben &quot; .
Web@@ ster ist dann angeklagt , eine zweite Frau im Golf View Hotel in N@@ air@@ n im Hochland am 4. Mai 2014 vergewaltigt zu haben .
Rich@@ terin Lady Ra@@ e hat einen Prozes@@ stag für den 17. November beim Ober@@ landes@@ gericht Edinburgh festgelegt .
Wieder@@ ansch@@ aff@@ ung mit der Very American Ideal , die Arbeits@@ rechte sind Menschenrechte
die Kongres@@ sab@@ geordnete Keith Ell@@ ison und John Lewis haben eine Gesetzgebung vorgeschlagen , um die Organisation der Organisation als Bürger@@ recht zu schützen .
&quot; so gehen die Gewerkschaften , also gehen bürgerlichen Jobs &quot; , sagt Ell@@ ison , der Minnesota Demok@@ rat , der als Kongress Progressive C@@ auc@@ us Co-@@ Vorsitzende betreut .
deshalb bin ich stolz darauf , den Emp@@ loy@@ ee Em@@ power@@ ment Act mit Bürger@@ recht@@ e-@@ Ikone John Lewis vorzustellen .
diese bahnbrechende Gesetzgebung wird den Arbeitnehmern die gleichen rechtlichen Möglichkeiten für die Organisation der Diskriminierung wie für andere Formen der Diskriminierung geben - einen Stopp gegen Gewerkschafts@@ kräfte an ihren Spuren
die Änderung des nationalen Arbeits@@ rechts@@ gesetzes , mit dem Arbeitnehmer , die diskriminiert werden , sich in die Gewerkschaft ein@@ gliedern zu lassen , um sich vor Gericht gegen die Justiz vor Gericht zu stellen - und Ausgleichszahlungen und Straf@@ zahlungen zu sammeln - ist eine solide und notwendige Initiative .
aber es ist sicher keine radikale Initiative - zumindest durch amerikanische Standards .
tatsächlich ist der beste Weg zu verstehen , was Ell@@ ison , Lewis und die Mitstrei@@ ter ihrer Gesetze vorschlagen , als eine Umverteilung mit einer sehr amerikanischen Idee .
ungeachtet dessen , was die Gewerkschaften in den letzten Jahren in den letzten Jahren ergriffen haben - in Wisconsin , Michigan und Staaten des Landes - haben die Amerikaner die Länder der Welt einst ermutigt , die Arbeits@@ rechte zu übernehmen , zu verlängern und zu respektieren .
es gab eine Zeit , innerhalb der Millionen Amerikaner , als dieses Land die Demokratie , die Meinungsfreiheit , die Pressefreiheit und das Recht zur Organisation im gleichen Atemzug unterstützte .
als die USA nach dem Zweiten Weltkrieg Japan besetzten , ermunter@@ ten General Douglas Mac@@ Arthur und seine Helfer das Land , eine Verfassung zu verabschieden , die darauf abzielt , dass die militar@@ isierte Autok@@ rati@@ e von Hide@@ ki To@@ jo durch die Demokratie ersetzt würde .
es ist völlig bewusst , dass die Arbeitnehmer und ihre Gewerkschaften eine Rolle bei der Gestaltung des neuen Japan spielen mussten , sie enthielten die Sprache , die ausdrücklich anerkennt , dass &quot; das Recht der Arbeitnehmer , gemeinsam zu organisieren und gemeinschaftlich zu handeln und gemeinsam zu handeln , garantiert ist &quot; .
als die USA nach dem Zweiten Weltkrieg Deutschland besetzten , forderten General D@@ wi@@ ght David Eisen@@ ho@@ wer und seine Helfer die Deutschen , eine Verfassung zu schreiben , die sicherstellt , dass der Faschismus von Adolf Hitler durch eine mus@@ kul@@ äre Demokratie ersetzt wurde .
das Bewusstsein , dass die Arbeitnehmer ihre Stimme in der neuen Nation organisieren und machen müssten , enthielt eine Bestimmung , die ausdrücklich erklärt : &quot; das Recht , Verbände zu bilden , die Arbeits- und Wirtschafts@@ bedingungen zu sichern und zu verbessern , soll jedem Einzelnen und jedem Beruf oder Beruf garantiert werden .
Vereinbarungen , die das Recht einschränken oder versuchen , dieses Recht zu beeinträchtigen , sind hinfällig ; Maßnahmen , die für dieses Ende vorgesehen sind , sind rechtswidrig .
als ehemalige First Lady Ele@@ an@@ or Roosevelt unter der Leitung der Internationalen Kommission für Menschenrechte , die 1948 von den Vereinten Nationen als globalen Bund beschlossen wurde , schlossen Roosevelt und die Drach@@ enk@@ ämpfer eine Garantie dafür , dass &quot; jeder das Recht hat , sich zu bilden und Gewerkschaften für den Schutz seiner Interessen beizutreten &quot; .
die Amerikaner akzeptierten seit Generationen die Grundvoraussetzung , dass Arbeits@@ rechte die Menschenrechte sind .
als dieses Land andere Länder darüber berät , wie zivile und demokratische Gesellschaften zu schmieden sind , erklärten die Amerikaner , dass das Recht , eine Gewerkschaft zu organisieren - und dass die Gewerkschaft die Tarif@@ verhandlungen als gleichberechtigter Partner mit Unternehmen und Regierungsbehörden betreibt - geschützt werden müsse .
jetzt , mit diesen Rechten in Amerika , ist es klug , in der Tat , sich dem amerikanischen Ideal anzuschließen , dass die Menschen ein Recht auf eine Organisation und ihre Stimme in einer freien und offenen Gesellschaft haben müssen .
wie der Rever@@ end Martin Luther King Jr. vor fünfzig Jahren sagte :
die Geschichte ist ein großer Lehrer .
nun weiß jeder , dass die Arbeiter@@ bewegung die Stärke der Nation nicht schm@@ älert , sondern vergrößert hat .
durch die Anhebung des Lebensstandards von Millionen , hat die Arbeit wunder@@ bar@@ erweise einen Markt für die Industrie geschaffen und die ganze Nation aufgehoben , um das Produktions@@ niveau zu beseitigen .
wer die Arbeit angreift , vergisst diese einfachen Wahrheiten , aber die Geschichte erinnert sich an sie .
die Geschichte erinnert sich , wie auch wir .
die formale Anerkennung von Arbeits@@ rechten als Menschenrechte - und die Ausweitung von Bürger@@ rechten , um eine Diskriminierung von Arbeits@@ gemeinschaften zu verhindern - ist überfällig .
Keith Ell@@ ison und John Lewis sind erneu@@ ernde Ideale , die Amerika historisch vergrößert und das Versprechen der Demokratie deutlich gemacht hat .
Richter blockiert vorübergehend das Gesetz , das alle Louisiana Ab@@ t@@ reibungs@@ klin@@ iken schließen könnte
ein US-@@ Bundes@@ richter am Sonntag hat die Durchsetzung eines Louisiana Gesetzes vorübergehend blockiert , wonach die Befürworter sagen würden , hätten alle fünf Ab@@ t@@ reibungs@@ klin@@ iken im Staat geschlossen .
diese Maßnahme , die im Juni von dem Gouverneur von Louisiana , Bobby Jin@@ dal , unterzeichnet und in Kraft treten soll , würde dazu führen , dass Ärzte , die Abtreibungen durchführen , in einem Krankenhaus innerhalb von 30 Meilen ihrer Praxis die Zulassung eines Patienten zulassen .
das Urteil des Richters bedeutet jedoch , dass die Ärzte nach solchen Privilegien vorerst auch weiterhin legale Abtreibungen durchführen können .
&quot; Pla@@ in@@ ti@@ ffs werden rechtmäßig agieren dürfen , während sie ihre Bemühungen um Privilegien fortsetzen &quot; , schrieb Bundes@@ richter John de@@ Grav@@ elles in der Entscheidung .
eine Anhörung soll innerhalb eines Monats für den Richter angesetzt werden , um eine dauer@@ haf@@ tere Gesetzes@@ lage zu treffen .
Ab@@ t@@ reibungs@@ recht@@ ler appl@@ audi@@ erten die Entscheidung , die letzte in einer Reihe von Urteilen gegen ähnliche Maßnahmen , wonach sie den Ärzten mehr Zeit zur Suche nach Krankenhaus@@ privileg@@ ien geben würde .
&quot; das heutige Urteil sorgt dafür , dass sich Louisiana Frauen von einem unter@@ lassenen Gesetz sicher sind , das sie von ihrer Gesundheit und Rechten ab@@ streifen will &quot; , sagte Nancy North@@ up , Präsidentin und Chef@@ in des Zentrums für Re@@ produktions@@ rechte , die das Gesetz im Auftrag von drei der fünf Kliniken des Bundesstaates blockieren wollten .
es war nicht sofort klar , ob das Urteil für Ärzte aus den beiden Kliniken galt , die im An@@ zug keine Kläger waren und auch für die Zulassung von Privilegien beantragt wurden .
Louisiana ist unter elf Staaten , die ähnliche Gesetze verabschiedet haben , mit Gerichten in jüngster Zeit verfassungs@@ widrig solche Maßnahmen in Alabama und Mississippi .
wichtige Teile eines tex@@ anischen Gesetzes , das die meisten verbliebenen Kliniken in diesem Staat ver@@ sperrt hätten , wurden am Freitag von einem Bundes@@ richter blockiert .
Ab@@ t@@ reibungs@@ recht@@ ler Aktivisten , zusammen mit dem amerikanischen Kollegium der Gebur@@ tsh@@ el@@ fer und Gy@@ nec@@ ologen und der amerikanischen Ärz@@ tek@@ ammer , sagen , die Zulassung von Privilegien er@@ gebe medizinisch überflüssige Auflagen für Ärzte .
Anti-@@ Ab@@ t@@ reibungs@@ befürwor@@ ter kon@@ terten , die Maßnahmen zielen darauf ab , die Gesundheit der Frauen zu schützen , obwohl manche auch ihre Wirkung von ver@@ sperr@@ ten Kliniken gelobt haben .
nur ein Arzt , der Abtreibungen in Louisiana durchführt , hat das Krankenhaus ein@@ gesteht Privilegien , teilte das Zentrum für Re@@ produktions@@ rechte mit .
sollten alle anderen Ärzte des Staates dazu gezwungen werden , die Abtreibung einzustellen , würde dieser Arzt , der für seine Sicherheit fürchtet , aufhören , das Verfahren durchzuführen , sagte der Konzern .
im Streit gegen das Urteil sagten , dass sie Ärzte nicht bestrafen würden , während ihre Anträge für die Zulassung von Privilegien anhängig seien .
verzö@@ gerte Diagnose und Unfähigkeit zum besten Umgang mit Eier@@ stock@@ krebs tötet mehr in ländlichen Gebieten
Angel@@ ina Jo@@ lie und ihr Bruder James haben eine Video-@@ Hommage an ihre verstor@@ bene Mutter geschrieben , die 2007 an O@@ vari@@ an Krebs starb .
Frauen , die im ländlichen Australien leben , seien bei einem höheren Risiko , an Eier@@ stock@@ krebs zu sterben als ihre städtischen Kollegen .
die Forscher analy@@ sierten medizinische Aufzeichnungen von mehr als 1100 australischen Frauen , die im Jahr 2005 mit Eier@@ stock@@ krebs diagnostiziert wurden , wobei gerade 35 Prozent nach der Diagnose fünf Jahre lang lebten .
Leit@@ forscher Susan Jordan , vom Q@@ IM@@ R Bergh@@ ofer Medical Research Institute , sagte , diejenigen , die in regionalen und abgelegenen Gebieten des Staates lebten , hätten während der Studie rund 20 Prozent häufiger sterben als die in städtischen Gebieten .
Small STU@@ DY : neue Medikamente können bremsen , Eier@@ stock@@ krebs
die Forscher verfolgten die Frauen@@ medizin@@ er über sieben Jahre hinweg .
Dr. Jordan sagte , eine Frau sei zur Zeit der Diagnose , o@@ var@@ an Krebs@@ art , auch die Überlebens@@ möglichkeiten von bestehenden Krankheiten und sozioökonomischen Status beeinflusst .
ältere Frauen und jene , deren Krebs zum Zeitpunkt der Diagnose fortgeschritt@@ ener war , hatten die ärmsten Überlebens@@ raten .
wer in Regional- und abgelegenen Gebieten des Staates lebt , war während der Studie rund 20 Prozent mehr wert als die in städtischen Gebieten .
obwohl die Studie nicht bestimmt war , warum Frauen , die außerhalb der Stadt leben , eher an Eier@@ stock@@ krebs sterben , schlug Dr. Jordan eine verzö@@ gerte Diagnose und Unfähigkeit , die beste Behandlungs@@ möglichkeit zu erreichen .
&quot; diese Krankheit wird am besten durch gyn@@ äk@@ ologische On@@ k@@ ologi@@ e-@@ Chir@@ urgen behandelt und sie sind meist in Großstädten ansässig &quot; , sagte sie .
trotz der Verbesserung der Tel@@ e-@@ Arz@@ t-@@ Dienstleistungen , um die Tyrannei der Entfernung zu verringern , schlug sie mehr fl@@ y-@@ in , fl@@ y-@@ out-@@ Dienste , damit Spezialisten behandeln Frauen näher zu Hause und Programme unterstützen Menschen in Behandlung weg von ihren Gemeinden helfen könnten helfen .
Dr. Jordan sagte unabhängig von geografischen Status , die Studie fand langfristig das Überleben unter Frauen mit Eier@@ stock@@ krebs war arm und verstärkt die Notwendigkeit für bessere Behandlungs@@ - und Präventions@@ strategien .
die Forschungen , die vom Rio T@@ into Ride bis Con@@ tal@@ -@@ Krebs finanziert werden , werden heute im Medical Journal of Australia veröffentlicht .
im März 2012 wurde bei 33 Jahren der jungen Gold-@@ Küstenwache Mama El@@ isha Ne@@ ave mitgeteilt , sie habe eine aggressive Form von Eier@@ stock@@ krebs .
Garten@@ zentren bereuen bei Haus@@ besitzern
der Rückgang , gepaart mit einem besonderen Rückgang der Zahl der Haus@@ besitzer im Alter von unter 35 Jahren , könnte dazu führen , dass Garten@@ zentren auf zig Millionen Pfund pro Jahr verloren gehen , wenn die heute jungen Verbraucher die &quot; Kern@@ garten@@ alters@@ gruppe &quot; erreichen , wie die Studie der HT@@ A berichtet , die von der &quot; Financial Times &quot; berichtet wurde .
laut Bericht geben die Menschen Miet@@ objekte im Durchschnitt 55 Prozent der Summe aus , die die mit eigenen Wohnungen für ihre Gärten ausgeben .
Sie nannte den Anstieg von Menschen , die in hoch urban@@ isierten Gebieten ohne Gärten lebten , die Beliebtheit der Pf@@ last@@ erung über Vorder@@ gärten für die Park@@ - und schrumpf@@ ende Garten@@ größe als andere Faktoren , die die Branche bedrohen , die jährlich schätzungsweise fünf Milliarden Euro Umsatz wert ist .
Greater London , wo das Eigen@@ heim in sechs Jahren von 61 Prozent auf 43 Prozent gesunken ist , hat Großbritanniens niedrigste Ausgaben pro Haushalt für Garten@@ produkte .
die HT@@ A und Royal Garten@@ bau@@ gesellschaft erklärte , die Vermietung von Immobilien oder fehlende Garten@@ flächen bede@@ ute nicht , dass Menschen keine Pflanzen anbauen könnten .
Guy Bar@@ ter , Chef@@ garten@@ berater der R@@ HS , sagte : &quot; Container Garten@@ bau etwa ist vor allem bei Ren@@ dern beliebt , die ihre Anlagen bewegen können , wenn sie umziehen &quot; .
der HT@@ A-@@ Bericht hat die Zeit zwischen 1997 und 2005 als das &quot; goldene Zeitalter &quot; des Garten@@ kunden@@ sektors als Ergebnis eines erhöhten Eigen@@ betrieb@@ es und wirtschaftlichen Wohlstands in den späten 80er Jahren bis Mitte der neunziger Jahre festgelegt .
Sie prognosti@@ zierte auch in diesem Jahr einen verbesserten Markt aufgrund von besser@@ em Wetter nach ungünstigen Bedingungen im März und April des vergangenen Jahres .
in Pakistan führte die Protest@@ bewegung des politischen Gegners , Im@@ ran Khan , und der geist@@ liche Führer Tah@@ ir@@ ul Qad@@ ri weiter .
in der Hauptstadt Islamabad stür@@ mten rund 1000 Demonstranten den regierungs@@ nahen Fernsehsender , P@@ TV .
allerdings sagte Informations@@ minister Per@@ v@@ ai@@ z Ras@@ hid , dass Soldaten die Demonstranten wieder aus dem Gebäude zwingen können .
der TV-S@@ ender stopp@@ te die Ausstrahlung rund 40 Minuten , hat aber inzwischen begonnen , erneut auszu@@ strahlen .
gleichzeitig versuchten rund 3000 Demonstranten , den offiziellen Wohnsitz von Ministerpräsident Na@@ wa@@ z Shar@@ if zu erreichen .
rund einen Kilometer entfernt stießen sie auf Sicherheits@@ dienste , bewaffnet mit Stö@@ cken und Steinen .
die Polizei setzte T@@ rän@@ eng@@ as ein .
die Demonstranten forderten Shar@@ if Rücktritt , den er ablehnte .
die pakistanische Armee forderte eine politische Lösung des Konflikts &quot; ohne Verzögerung und ohne zu Gewalt &quot; .
im Anschluss an ein Treffen am Sonntag@@ abend kündigte das Militär an : &quot; die Armee setzt sich nach wie vor für ihre Aufgabe ein , die Sicherheit für den Staat sicherzustellen &quot; .
das Militär spielt eine wichtige Rolle in Pakistan und hat in der Vergangenheit mehrfach die Macht ergriffen .
der Oppositions@@ politiker Im@@ ran Khan wirft Premierminister Shar@@ if vor , die Parlamentswahlen , die im Mai vergangenen Jahres stattgefunden haben , manipuliert zu haben .
