448.35955811
374.86718750
324.67779541
283.97842407
248.12561035
