207.82556152
178.71255493
211.33903503
234.55387878
182.80172729
227.75459290
200.35102844
207.02507019
174.51194763
191.75926208
141.59402466
256.85244751
208.20707703
125.15594482
116.06490326
129.00891113
172.10009766
138.76477051
176.41941833
98.28771210
123.42759705
138.35072327
210.30610657
241.78837585
166.28385925
99.98839569
113.32307434
173.32617188
125.69969177
135.87945557
120.28639984
209.76863098
145.23466492
195.52755737
132.37802124
169.65127563
177.24984741
182.49871826
125.44963074
122.40126038
157.54493713
91.15261841
129.87872314
200.61141968
