[valid] Ep. 1 : Up. 60 : cross-entropy : 218.835 : new best
[valid] Ep. 1 : Up. 60 : translation : 1 : new best
[valid] Ep. 1 : Up. 120 : cross-entropy : 187.91 : new best
[valid] Ep. 1 : Up. 120 : translation : 2 : new best
