238.52751160
245.27938843
239.83557129
232.83401489
238.87149048
253.74154663
255.69897461
243.06086731
244.85818481
235.55209351
