[[-0.00195269  0.00663034 -0.00437212 ...,  0.          0.          0.        ]]
