238.40983582
244.61091614
238.22981262
229.24475098
230.14970398
234.50399780
228.12467957
210.38107300
206.17379761
196.83959961
