[[  2.10904631e-07   7.14701400e-07   1.94320407e-07 ...,   0.00000000e+00
    0.00000000e+00   0.00000000e+00]]
