7247.86181641
7994.63183594
7750.25000000
7804.45703125
7530.29150391
7192.14550781
6780.81640625
6450.87402344
6511.03564453
6491.26269531
