[[  1.19943786e-06   6.02165346e-06   2.27189776e-06 ...,   0.00000000e+00
    0.00000000e+00   0.00000000e+00]]
