[[-0.00177634  0.00746338 -0.00486176 ...,  0.          0.          0.        ]]
