Ep. 1 : Up. 1 : Sen. 2 : Cost 223.64685059
Ep. 1 : Up. 2 : Sen. 4 : Cost 258.80792236
Ep. 1 : Up. 3 : Sen. 6 : Cost 255.67260742
Ep. 1 : Up. 4 : Sen. 8 : Cost 346.67749023
Ep. 1 : Up. 5 : Sen. 10 : Cost 278.72695923
Ep. 1 : Up. 6 : Sen. 12 : Cost 178.23016357
