7245.90527344
7991.28515625
7743.94384766
7789.80712891
7495.90478516
7120.76269531
6739.33447266
6421.30761719
6486.60400391
6468.15869141
