eine republi@@ kanische Strategie gegen die Wieder@@ wahl Ob@@ amas
die republi@@ kanische Führung recht@@ fertigte ihre Politik durch die Notwendigkeit , Wahl@@ betrug zu bekämpfen .
das Brenn@@ an @-@ Zentrum betrachtet dies jedoch als einen My@@ thos , der besagt , dass Wahl@@ betrug in den Vereinigten Staaten sel@@ tener ist als die Zahl der durch Bli@@ tz getö@@ teten Menschen .
tatsächlich haben republi@@ kanische An@@ wälte innerhalb eines Jahrzeh@@ n@@ ts nur 300 Fälle von Wahl@@ betrug in den Vereinigten Staaten festgestellt .
eines ist sicher : diese neuen Bestimmungen werden sich negativ auf die Wahl@@ beteiligung auswirken .
in diesem Sinne werden die Maßnahmen das amerikanische demokratische System teilweise untergraben .
anders als in Kanada sind die Vereinigten Staaten für die Organisation von Bun@@ dest@@ ag@@ s@@ wahlen in den Vereinigten Staaten verantwortlich .
in diesem Sinne hat eine Mehrheit der amerikanischen Regierungen seit 2009 neue Gesetze erlassen , die die Registrierung oder das Abstimm@@ ungsverfahren ersch@@ weren .
dieses Phänomen gewann an Dynamik nach den Wahlen im November 2010 , bei denen 6@@ 75 neue republi@@ kanische Vertreter in 26 Staaten hinzu@@ kamen .
infolgedessen wurden allein 2011 180 Gesetze eingeführt , die die Ausübung des Wahl@@ rechts in 41 Staaten einschränken .
die neuen Wahl@@ gesetze verlangen von den Wählern , dass sie einen Licht@@ bild@@ aus@@ weis und einen Beweis der US @-@ Staats@@ bürgerschaft vorlegen .
darüber hinaus reduzieren diese Gesetze auch die vorge@@ zo@@ genen Wahl@@ fri@@ sten , berau@@ ben das Recht , sich am Wahl@@ tag als Wähler zu registrieren und ziehen das Wahl@@ recht für Bürger mit einem Strafre@@ gi@@ ster zurück .
vor den Wahlen 2006 ver@@ lang@@ te kein US @-@ Staat , dass die Wähler einen Licht@@ bild@@ aus@@ weis vorlegen müssten .
Indi@@ ana war der erste Staat , der eine solche Forderung stellte .
2008 hat der Ober@@ ste Gerichtshof der Vereinigten Staaten die Verfassungs@@ mäßigkeit des Indi@@ ana @-@ Gesetzes bestätigt .
die republi@@ kanischen Behörden waren schnell dabei , diese Praxis auf andere Staaten auszu@@ dehnen .
in den letzten zwei Jahren haben sie in 34 Staaten Rechn@@ ungen gesp@@ on@@ sert , um die Wähler zu zwingen , einen Licht@@ bild@@ aus@@ weis vorzulegen .
es ist wichtig festzustellen , dass amerikanische Bürger im Gegensatz zu Que@@ bec keinen allgemeinen Aus@@ weis wie die Kranken@@ versicherungs@@ karte haben .
tatsächlich verfügen 11 % der amerikanischen Bürger , d. h. 21 Millionen Menschen im Wahl@@ alter , nicht über einen Aus@@ weis@@ aus@@ weis , den eine staatliche Behörde ihres Staates ausgestellt hat .
darüber hinaus verfügen 2012 fünf Millionen neue Wähler nicht über eine solche Identi@@ fikation .
und es kostet oft über hundert Dollar , den erforderlichen Personal@@ aus@@ weis zu erhalten .
die neuen Beschränkungen betreffen über@@ proportional junge Menschen , Minderheiten und Menschen mit niedri@@ gem Einkommen .
tatsächlich haben 25 % der afrikanischen Amerikaner , 15 % derjenigen , die weniger als 3@@ 5.000 Dollar verdienen ; 18 % der Bürger über 65 und 20 % der Wähler über 18 bis 29 Jahre nicht die erforderliche Aus@@ weis@@ karte .
und das ist noch nicht alles .
Studenten , Wähler , die mehr für demokratische Kandidaten stimmen , dürfen in mehreren Staaten nicht den von ihrer Institution ausge@@ stellten Licht@@ bild@@ aus@@ weis benutzen .
andererseits erlauben dieselben Staaten den Mitgliedern des Fischerei@@ - oder Jag@@ d@@ klu@@ bs , die mehr Republi@@ kaner wählen , die von diesen Clubs bei der Abstimmung ausge@@ stellten Karten zu verwenden .
vor 2004 ver@@ lang@@ te kein Staat einen Nachweis der Staats@@ bürgerschaft , um abzustimmen .
Ari@@ zona war die erste , die eine solche Anforderung eingeführt hat .
seit 2011 haben ein Dutz@@ end Staaten Gesetze verabschiedet , die die Wähler verpflichten , zu beweisen , dass sie amerikanische Bürger sind .
diese Maßnahmen zielen eindeutig darauf ab , die Abstimmung in His@@ pan@@ ia einzu@@ schränken .
es scheint jedoch , dass zwei von drei h@@ is@@ pan@@ ischen Wählern die Demokrati@@ sche Partei befürworten .
darüber hinaus unterstützten die republi@@ kanischen Gesetzgeber 2011 Gesetze , die die Registrierung von Wählern am Wahl@@ tag in acht Staaten ab@@ schaff@@ ten .
außerdem schrän@@ kten sie das Recht von Einzelpersonen und Gruppen ein , Wähler@@ innen und Wähler zu unterstützen , die sich registrieren möchten .
diese Beschränkungen sind nicht ohne Folgen .
so tru@@ gen Wahl@@ registri@@ erungs@@ kamp@@ agnen während der Parlaments@@ wahlen 2004 zur Registrierung von etwa 10 Millionen Bürgern bei .
die seit 2009 er@@ gri@@ ffenen Maßnahmen haben jedoch zu einem Rückgang der Zul@@ assungs@@ rate für neue Wähler um 17 % im Jahr 2010 im Vergleich zu 2006 geführt .
darüber hinaus haben republi@@ kanische Gesetzgeber in fünf anderen Staaten Gesetze erlassen , die darauf abzielen , die vorge@@ zo@@ gene Wahl@@ periode zu ver@@ kürzen .
so waren beispielsweise während der Parlaments@@ wahlen 2008 in Florida 33 % der frühen Wähler A@@ fro@@ amerikan@@ er , auf die jedoch nur 13 % der Wähler im Staat ent@@ fielen .
dasselbe galt für die His@@ pan@@ ics .
diese re@@ präsen@@ tierten nur 11 % der Wähler , aber 24 % der Bürger , die früh gewählt haben .
andererseits waren 76 % der Wähler weiß , aber diese stellten nur 46 % der frühen Wähler dar .
natürlich haben sich die demokratischen Gesetzgeber und ihre Anhänger v@@ eh@@ ement gegen die Verabschiedung von Gesetzen ausgesprochen , die die Registrierung der Wähler einschränken .
mehrere Gesetze wurden durch V@@ et@@ os demokratischer Gouverne@@ ure blockiert .
der General@@ staatsan@@ walt der Vereinigten Staaten hat interven@@ iert , um die umstrit@@ ten@@ sten Gesetze aus@@ zusetzen .
Sie konnten den Schaden teilweise begrenzen .
so haben beispielsweise nur 16 von 34 Staaten Gesetze verabschiedet , die die Vorlage eines Foto@@ aus@@ we@@ ises vorsch@@ reiben .
die neuen Regeln werden es jedoch zweifellos schwieriger machen , 2012 das Wahl@@ recht auszuüben .
demokratische Kritiker verurteilen den partei@@ ischen Charakter der verabschiedeten Gesetze und sehen ein klares Ziel , die Ergebnisse von 2012 in Schlüssel@@ staaten zu beeinflussen .
ein Bericht des Brenn@@ an Centre aus dem Jahr 2011 zeigt , dass die Staaten , die diese Gesetze verabschiedet haben , 17@@ 1 der 2@@ 70 Stimmen ausmachen , die im Wahl@@ gre@@ mium benötigt werden , um den Ratsvorsitz zu gewinnen .
es ist zu früh , mit Sicherheit zu sagen , dass diese Gesetzes@@ änderungen im Wahl@@ system erhebliche Auswirkungen auf das Ergebnis der Präsidentschaftswahlen 2012 haben werden .
